
Allocating common symbols
Common symbol       size              file

received_string     0x21              ..\obj\main.o

Discarded input sections

 .text          0x00000000        0x0 ..\obj\semihosting.o
 .data          0x00000000        0x0 ..\obj\semihosting.o
 .bss           0x00000000       0x14 ..\obj\semihosting.o
 .text.SH_SendChar
                0x00000000       0x9c ..\obj\semihosting.o
 .text.SH_SendString
                0x00000000       0x28 ..\obj\semihosting.o
 .text.SH_GetChar
                0x00000000       0x4c ..\obj\semihosting.o
 .text          0x00000000        0x0 ..\obj\stm32f10x_tim.o
 .data          0x00000000        0x0 ..\obj\stm32f10x_tim.o
 .bss           0x00000000        0x0 ..\obj\stm32f10x_tim.o
 .text.TIM_DeInit
                0x00000000      0x2b0 ..\obj\stm32f10x_tim.o
 .text.TIM_OC1Init
                0x00000000      0x128 ..\obj\stm32f10x_tim.o
 .text.TIM_OC2Init
                0x00000000      0x128 ..\obj\stm32f10x_tim.o
 .text.TIM_OC3Init
                0x00000000      0x120 ..\obj\stm32f10x_tim.o
 .text.TIM_OC4Init
                0x00000000       0xe0 ..\obj\stm32f10x_tim.o
 .text.TIM_ICInit
                0x00000000       0xa8 ..\obj\stm32f10x_tim.o
 .text.TIM_PWMIConfig
                0x00000000       0xc4 ..\obj\stm32f10x_tim.o
 .text.TIM_BDTRConfig
                0x00000000       0x50 ..\obj\stm32f10x_tim.o
 .text.TIM_TimeBaseStructInit
                0x00000000       0x3c ..\obj\stm32f10x_tim.o
 .text.TIM_OCStructInit
                0x00000000       0x54 ..\obj\stm32f10x_tim.o
 .text.TIM_ICStructInit
                0x00000000       0x3c ..\obj\stm32f10x_tim.o
 .text.TIM_BDTRStructInit
                0x00000000       0x4c ..\obj\stm32f10x_tim.o
 .text.TIM_CtrlPWMOutputs
                0x00000000       0x50 ..\obj\stm32f10x_tim.o
 .text.TIM_GenerateEvent
                0x00000000       0x1c ..\obj\stm32f10x_tim.o
 .text.TIM_DMAConfig
                0x00000000       0x28 ..\obj\stm32f10x_tim.o
 .text.TIM_DMACmd
                0x00000000       0x48 ..\obj\stm32f10x_tim.o
 .text.TIM_InternalClockConfig
                0x00000000       0x24 ..\obj\stm32f10x_tim.o
 .text.TIM_ITRxExternalClockConfig
                0x00000000       0x30 ..\obj\stm32f10x_tim.o
 .text.TIM_TIxExternalClockConfig
                0x00000000       0x58 ..\obj\stm32f10x_tim.o
 .text.TIM_ETRClockMode1Config
                0x00000000       0x54 ..\obj\stm32f10x_tim.o
 .text.TIM_ETRClockMode2Config
                0x00000000       0x34 ..\obj\stm32f10x_tim.o
 .text.TIM_ETRConfig
                0x00000000       0x4c ..\obj\stm32f10x_tim.o
 .text.TIM_PrescalerConfig
                0x00000000       0x28 ..\obj\stm32f10x_tim.o
 .text.TIM_CounterModeConfig
                0x00000000       0x38 ..\obj\stm32f10x_tim.o
 .text.TIM_SelectInputTrigger
                0x00000000       0x38 ..\obj\stm32f10x_tim.o
 .text.TIM_EncoderInterfaceConfig
                0x00000000       0x94 ..\obj\stm32f10x_tim.o
 .text.TIM_ForcedOC1Config
                0x00000000       0x38 ..\obj\stm32f10x_tim.o
 .text.TIM_ForcedOC2Config
                0x00000000       0x40 ..\obj\stm32f10x_tim.o
 .text.TIM_ForcedOC3Config
                0x00000000       0x38 ..\obj\stm32f10x_tim.o
 .text.TIM_ForcedOC4Config
                0x00000000       0x40 ..\obj\stm32f10x_tim.o
 .text.TIM_ARRPreloadConfig
                0x00000000       0x40 ..\obj\stm32f10x_tim.o
 .text.TIM_SelectCOM
                0x00000000       0x40 ..\obj\stm32f10x_tim.o
 .text.TIM_SelectCCDMA
                0x00000000       0x40 ..\obj\stm32f10x_tim.o
 .text.TIM_CCPreloadControl
                0x00000000       0x40 ..\obj\stm32f10x_tim.o
 .text.TIM_OC1PreloadConfig
                0x00000000       0x38 ..\obj\stm32f10x_tim.o
 .text.TIM_OC2PreloadConfig
                0x00000000       0x40 ..\obj\stm32f10x_tim.o
 .text.TIM_OC3PreloadConfig
                0x00000000       0x38 ..\obj\stm32f10x_tim.o
 .text.TIM_OC4PreloadConfig
                0x00000000       0x40 ..\obj\stm32f10x_tim.o
 .text.TIM_OC1FastConfig
                0x00000000       0x38 ..\obj\stm32f10x_tim.o
 .text.TIM_OC2FastConfig
                0x00000000       0x40 ..\obj\stm32f10x_tim.o
 .text.TIM_OC3FastConfig
                0x00000000       0x38 ..\obj\stm32f10x_tim.o
 .text.TIM_OC4FastConfig
                0x00000000       0x40 ..\obj\stm32f10x_tim.o
 .text.TIM_ClearOC1Ref
                0x00000000       0x38 ..\obj\stm32f10x_tim.o
 .text.TIM_ClearOC2Ref
                0x00000000       0x44 ..\obj\stm32f10x_tim.o
 .text.TIM_ClearOC3Ref
                0x00000000       0x38 ..\obj\stm32f10x_tim.o
 .text.TIM_ClearOC4Ref
                0x00000000       0x44 ..\obj\stm32f10x_tim.o
 .text.TIM_OC1PolarityConfig
                0x00000000       0x38 ..\obj\stm32f10x_tim.o
 .text.TIM_OC1NPolarityConfig
                0x00000000       0x38 ..\obj\stm32f10x_tim.o
 .text.TIM_OC2PolarityConfig
                0x00000000       0x40 ..\obj\stm32f10x_tim.o
 .text.TIM_OC2NPolarityConfig
                0x00000000       0x40 ..\obj\stm32f10x_tim.o
 .text.TIM_OC3PolarityConfig
                0x00000000       0x40 ..\obj\stm32f10x_tim.o
 .text.TIM_OC3NPolarityConfig
                0x00000000       0x40 ..\obj\stm32f10x_tim.o
 .text.TIM_OC4PolarityConfig
                0x00000000       0x40 ..\obj\stm32f10x_tim.o
 .text.TIM_CCxCmd
                0x00000000       0x5c ..\obj\stm32f10x_tim.o
 .text.TIM_CCxNCmd
                0x00000000       0x5c ..\obj\stm32f10x_tim.o
 .text.TIM_SelectOCxM
                0x00000000       0xbc ..\obj\stm32f10x_tim.o
 .text.TIM_UpdateDisableConfig
                0x00000000       0x40 ..\obj\stm32f10x_tim.o
 .text.TIM_UpdateRequestConfig
                0x00000000       0x40 ..\obj\stm32f10x_tim.o
 .text.TIM_SelectHallSensor
                0x00000000       0x40 ..\obj\stm32f10x_tim.o
 .text.TIM_SelectOnePulseMode
                0x00000000       0x38 ..\obj\stm32f10x_tim.o
 .text.TIM_SelectOutputTrigger
                0x00000000       0x38 ..\obj\stm32f10x_tim.o
 .text.TIM_SelectSlaveMode
                0x00000000       0x38 ..\obj\stm32f10x_tim.o
 .text.TIM_SelectMasterSlaveMode
                0x00000000       0x38 ..\obj\stm32f10x_tim.o
 .text.TIM_SetCounter
                0x00000000       0x1c ..\obj\stm32f10x_tim.o
 .text.TIM_SetAutoreload
                0x00000000       0x1c ..\obj\stm32f10x_tim.o
 .text.TIM_SetCompare1
                0x00000000       0x1c ..\obj\stm32f10x_tim.o
 .text.TIM_SetCompare2
                0x00000000       0x1c ..\obj\stm32f10x_tim.o
 .text.TIM_SetCompare3
                0x00000000       0x1c ..\obj\stm32f10x_tim.o
 .text.TIM_SetCompare4
                0x00000000       0x20 ..\obj\stm32f10x_tim.o
 .text.TIM_SetIC1Prescaler
                0x00000000       0x38 ..\obj\stm32f10x_tim.o
 .text.TIM_SetIC2Prescaler
                0x00000000       0x3c ..\obj\stm32f10x_tim.o
 .text.TIM_SetIC3Prescaler
                0x00000000       0x38 ..\obj\stm32f10x_tim.o
 .text.TIM_SetIC4Prescaler
                0x00000000       0x3c ..\obj\stm32f10x_tim.o
 .text.TIM_SetClockDivision
                0x00000000       0x38 ..\obj\stm32f10x_tim.o
 .text.TIM_GetCapture1
                0x00000000       0x1c ..\obj\stm32f10x_tim.o
 .text.TIM_GetCapture2
                0x00000000       0x1c ..\obj\stm32f10x_tim.o
 .text.TIM_GetCapture3
                0x00000000       0x1c ..\obj\stm32f10x_tim.o
 .text.TIM_GetCapture4
                0x00000000       0x1c ..\obj\stm32f10x_tim.o
 .text.TIM_GetCounter
                0x00000000       0x1c ..\obj\stm32f10x_tim.o
 .text.TIM_GetPrescaler
                0x00000000       0x1c ..\obj\stm32f10x_tim.o
 .text.TIM_GetFlagStatus
                0x00000000       0x40 ..\obj\stm32f10x_tim.o
 .text.TIM_ClearFlag
                0x00000000       0x24 ..\obj\stm32f10x_tim.o
 .text.TI1_Config
                0x00000000       0xe4 ..\obj\stm32f10x_tim.o
 .text.TI2_Config
                0x00000000      0x104 ..\obj\stm32f10x_tim.o
 .text.TI3_Config
                0x00000000       0xf4 ..\obj\stm32f10x_tim.o
 .text.TI4_Config
                0x00000000      0x10c ..\obj\stm32f10x_tim.o
 .text          0x00000000        0x0 ..\obj\startup_stm32f10x_md_vl.o
 .data          0x00000000        0x0 ..\obj\startup_stm32f10x_md_vl.o
 .bss           0x00000000        0x0 ..\obj\startup_stm32f10x_md_vl.o
 .text          0x00000000        0x0 ..\obj\core_cm3.o
 .data          0x00000000        0x0 ..\obj\core_cm3.o
 .bss           0x00000000        0x0 ..\obj\core_cm3.o
 .text.__get_PSP
                0x00000000       0x10 ..\obj\core_cm3.o
 .text.__set_PSP
                0x00000000        0x8 ..\obj\core_cm3.o
 .text.__get_MSP
                0x00000000       0x10 ..\obj\core_cm3.o
 .text.__set_MSP
                0x00000000        0x8 ..\obj\core_cm3.o
 .text.__get_BASEPRI
                0x00000000       0x20 ..\obj\core_cm3.o
 .text.__set_BASEPRI
                0x00000000       0x18 ..\obj\core_cm3.o
 .text.__get_PRIMASK
                0x00000000       0x20 ..\obj\core_cm3.o
 .text.__set_PRIMASK
                0x00000000       0x18 ..\obj\core_cm3.o
 .text.__get_FAULTMASK
                0x00000000       0x20 ..\obj\core_cm3.o
 .text.__set_FAULTMASK
                0x00000000       0x18 ..\obj\core_cm3.o
 .text.__get_CONTROL
                0x00000000       0x20 ..\obj\core_cm3.o
 .text.__set_CONTROL
                0x00000000       0x18 ..\obj\core_cm3.o
 .text.__REV    0x00000000       0x24 ..\obj\core_cm3.o
 .text.__REV16  0x00000000       0x24 ..\obj\core_cm3.o
 .text.__REVSH  0x00000000       0x24 ..\obj\core_cm3.o
 .text.__RBIT   0x00000000       0x24 ..\obj\core_cm3.o
 .text.__LDREXB
                0x00000000       0x24 ..\obj\core_cm3.o
 .text.__LDREXH
                0x00000000       0x24 ..\obj\core_cm3.o
 .text.__LDREXW
                0x00000000       0x24 ..\obj\core_cm3.o
 .text.__STREXB
                0x00000000       0x2c ..\obj\core_cm3.o
 .text.__STREXH
                0x00000000       0x2c ..\obj\core_cm3.o
 .text.__STREXW
                0x00000000       0x28 ..\obj\core_cm3.o
 .text          0x00000000        0x0 ..\obj\system_stm32f10x.o
 .bss           0x00000000        0x0 ..\obj\system_stm32f10x.o
 .text          0x00000000        0x0 ..\obj\stm32f10x_gpio.o
 .data          0x00000000        0x0 ..\obj\stm32f10x_gpio.o
 .bss           0x00000000        0x0 ..\obj\stm32f10x_gpio.o
 .text.GPIO_DeInit
                0x00000000      0x128 ..\obj\stm32f10x_gpio.o
 .text.GPIO_AFIODeInit
                0x00000000       0x20 ..\obj\stm32f10x_gpio.o
 .text.GPIO_StructInit
                0x00000000       0x2c ..\obj\stm32f10x_gpio.o
 .text.GPIO_ReadInputDataBit
                0x00000000       0x3c ..\obj\stm32f10x_gpio.o
 .text.GPIO_ReadInputData
                0x00000000       0x1c ..\obj\stm32f10x_gpio.o
 .text.GPIO_ReadOutputDataBit
                0x00000000       0x3c ..\obj\stm32f10x_gpio.o
 .text.GPIO_ReadOutputData
                0x00000000       0x1c ..\obj\stm32f10x_gpio.o
 .text.GPIO_WriteBit
                0x00000000       0x30 ..\obj\stm32f10x_gpio.o
 .text.GPIO_Write
                0x00000000       0x1c ..\obj\stm32f10x_gpio.o
 .text.GPIO_PinLockConfig
                0x00000000       0x44 ..\obj\stm32f10x_gpio.o
 .text.GPIO_EventOutputConfig
                0x00000000       0x54 ..\obj\stm32f10x_gpio.o
 .text.GPIO_EventOutputCmd
                0x00000000       0x20 ..\obj\stm32f10x_gpio.o
 .text.GPIO_PinRemapConfig
                0x00000000      0x120 ..\obj\stm32f10x_gpio.o
 .text.GPIO_EXTILineConfig
                0x00000000       0xb4 ..\obj\stm32f10x_gpio.o
 .text.GPIO_ETH_MediaInterfaceConfig
                0x00000000       0x20 ..\obj\stm32f10x_gpio.o
 .text          0x00000000        0x0 ..\obj\main.o
 COMMON         0x00000000       0x21 ..\obj\main.o
 .text          0x00000000        0x0 ..\obj\printf.o
 .data          0x00000000      0x430 ..\obj\printf.o
 .bss           0x00000000        0x0 ..\obj\printf.o
 .text.PrintChar
                0x00000000       0x14 ..\obj\printf.o
 .text.PutChar  0x00000000       0x24 ..\obj\printf.o
 .text.PutString
                0x00000000       0x48 ..\obj\printf.o
 .text.PutUnsignedInt
                0x00000000       0xbc ..\obj\printf.o
 .text.PutSignedInt
                0x00000000      0x130 ..\obj\printf.o
 .text.PutHexa  0x00000000       0xe8 ..\obj\printf.o
 .text.vsnprintf
                0x00000000      0x2b0 ..\obj\printf.o
 .text.snprintf
                0x00000000       0x34 ..\obj\printf.o
 .text.vsprintf
                0x00000000       0x28 ..\obj\printf.o
 .rodata        0x00000000       0x24 ..\obj\printf.o
 .text.vfprintf
                0x00000000       0x6c ..\obj\printf.o
 .text.vprintf  0x00000000       0x2c ..\obj\printf.o
 .text.fprintf  0x00000000       0x30 ..\obj\printf.o
 .text.printf   0x00000000       0x2c ..\obj\printf.o
 .text.sprintf  0x00000000       0x30 ..\obj\printf.o
 .text.puts     0x00000000       0x28 ..\obj\printf.o
 .text.fputc    0x00000000       0x4c ..\obj\printf.o
 .text.fputs    0x00000000       0x50 ..\obj\printf.o
 .text          0x00000000        0x0 ..\obj\stm32f10x_rcc.o
 .bss           0x00000000        0x0 ..\obj\stm32f10x_rcc.o
 .text.RCC_DeInit
                0x00000000       0xac ..\obj\stm32f10x_rcc.o
 .text.RCC_HSEConfig
                0x00000000       0x88 ..\obj\stm32f10x_rcc.o
 .text.RCC_WaitForHSEStartUp
                0x00000000       0x64 ..\obj\stm32f10x_rcc.o
 .text.RCC_AdjustHSICalibrationValue
                0x00000000       0x48 ..\obj\stm32f10x_rcc.o
 .text.RCC_HSICmd
                0x00000000       0x20 ..\obj\stm32f10x_rcc.o
 .text.RCC_PLLConfig
                0x00000000       0x48 ..\obj\stm32f10x_rcc.o
 .text.RCC_PLLCmd
                0x00000000       0x20 ..\obj\stm32f10x_rcc.o
 .text.RCC_PREDIV1Config
                0x00000000       0x4c ..\obj\stm32f10x_rcc.o
 .text.RCC_SYSCLKConfig
                0x00000000       0x40 ..\obj\stm32f10x_rcc.o
 .text.RCC_GetSYSCLKSource
                0x00000000       0x20 ..\obj\stm32f10x_rcc.o
 .text.RCC_HCLKConfig
                0x00000000       0x40 ..\obj\stm32f10x_rcc.o
 .text.RCC_PCLK1Config
                0x00000000       0x40 ..\obj\stm32f10x_rcc.o
 .text.RCC_PCLK2Config
                0x00000000       0x44 ..\obj\stm32f10x_rcc.o
 .text.RCC_ITConfig
                0x00000000       0x60 ..\obj\stm32f10x_rcc.o
 .text.RCC_USBCLKConfig
                0x00000000       0x20 ..\obj\stm32f10x_rcc.o
 .text.RCC_ADCCLKConfig
                0x00000000       0x40 ..\obj\stm32f10x_rcc.o
 .text.RCC_LSEConfig
                0x00000000       0x60 ..\obj\stm32f10x_rcc.o
 .text.RCC_LSICmd
                0x00000000       0x20 ..\obj\stm32f10x_rcc.o
 .text.RCC_RTCCLKConfig
                0x00000000       0x2c ..\obj\stm32f10x_rcc.o
 .text.RCC_RTCCLKCmd
                0x00000000       0x20 ..\obj\stm32f10x_rcc.o
 .text.RCC_AHBPeriphClockCmd
                0x00000000       0x58 ..\obj\stm32f10x_rcc.o
 .text.RCC_APB2PeriphResetCmd
                0x00000000       0x58 ..\obj\stm32f10x_rcc.o
 .text.RCC_APB1PeriphResetCmd
                0x00000000       0x58 ..\obj\stm32f10x_rcc.o
 .text.RCC_BackupResetCmd
                0x00000000       0x20 ..\obj\stm32f10x_rcc.o
 .text.RCC_ClockSecuritySystemCmd
                0x00000000       0x20 ..\obj\stm32f10x_rcc.o
 .text.RCC_MCOConfig
                0x00000000       0x20 ..\obj\stm32f10x_rcc.o
 .text.RCC_GetFlagStatus
                0x00000000       0x90 ..\obj\stm32f10x_rcc.o
 .text.RCC_ClearFlag
                0x00000000       0x24 ..\obj\stm32f10x_rcc.o
 .text.RCC_GetITStatus
                0x00000000       0x40 ..\obj\stm32f10x_rcc.o
 .text.RCC_ClearITPendingBit
                0x00000000       0x20 ..\obj\stm32f10x_rcc.o
 .text          0x00000000        0x0 ..\obj\stm32f10x_usart.o
 .data          0x00000000        0x0 ..\obj\stm32f10x_usart.o
 .bss           0x00000000        0x0 ..\obj\stm32f10x_usart.o
 .text.USART_DeInit
                0x00000000       0xd8 ..\obj\stm32f10x_usart.o
 .text.USART_StructInit
                0x00000000       0x44 ..\obj\stm32f10x_usart.o
 .text.USART_ITConfig
                0x00000000       0xa4 ..\obj\stm32f10x_usart.o
 .text.USART_DMACmd
                0x00000000       0x48 ..\obj\stm32f10x_usart.o
 .text.USART_SetAddress
                0x00000000       0x38 ..\obj\stm32f10x_usart.o
 .text.USART_WakeUpConfig
                0x00000000       0x38 ..\obj\stm32f10x_usart.o
 .text.USART_ReceiverWakeUpCmd
                0x00000000       0x40 ..\obj\stm32f10x_usart.o
 .text.USART_LINBreakDetectLengthConfig
                0x00000000       0x38 ..\obj\stm32f10x_usart.o
 .text.USART_LINCmd
                0x00000000       0x40 ..\obj\stm32f10x_usart.o
 .text.USART_SendBreak
                0x00000000       0x24 ..\obj\stm32f10x_usart.o
 .text.USART_SetGuardTime
                0x00000000       0x3c ..\obj\stm32f10x_usart.o
 .text.USART_SetPrescaler
                0x00000000       0x38 ..\obj\stm32f10x_usart.o
 .text.USART_SmartCardCmd
                0x00000000       0x40 ..\obj\stm32f10x_usart.o
 .text.USART_SmartCardNACKCmd
                0x00000000       0x40 ..\obj\stm32f10x_usart.o
 .text.USART_HalfDuplexCmd
                0x00000000       0x40 ..\obj\stm32f10x_usart.o
 .text.USART_OverSampling8Cmd
                0x00000000       0x48 ..\obj\stm32f10x_usart.o
 .text.USART_OneBitMethodCmd
                0x00000000       0x40 ..\obj\stm32f10x_usart.o
 .text.USART_IrDAConfig
                0x00000000       0x38 ..\obj\stm32f10x_usart.o
 .text.USART_IrDACmd
                0x00000000       0x40 ..\obj\stm32f10x_usart.o
 .text.USART_ClearFlag
                0x00000000       0x24 ..\obj\stm32f10x_usart.o
 .text.USART_GetITStatus
                0x00000000       0xc4 ..\obj\stm32f10x_usart.o
 .text.USART_ClearITPendingBit
                0x00000000       0x44 ..\obj\stm32f10x_usart.o
 .data          0x00000000        0x0 ..\obj\sh_cmd.o
 .bss           0x00000000        0x0 ..\obj\sh_cmd.o
 .text          0x00000000        0x0 ..\obj\syscalls.o
 .data          0x00000000        0x0 ..\obj\syscalls.o
 .bss           0x00000000        0x4 ..\obj\syscalls.o
 .text._sbrk    0x00000000       0x5c ..\obj\syscalls.o
 .text.link     0x00000000       0x1c ..\obj\syscalls.o
 .text._close   0x00000000       0x18 ..\obj\syscalls.o
 .text._fstat   0x00000000       0x24 ..\obj\syscalls.o
 .text._isatty  0x00000000       0x18 ..\obj\syscalls.o
 .text._lseek   0x00000000       0x1c ..\obj\syscalls.o
 .text._read    0x00000000       0x1c ..\obj\syscalls.o
 .text._write   0x00000000       0x1c ..\obj\syscalls.o
 .text.abort    0x00000000        0x8 ..\obj\syscalls.o
 .text          0x00000000        0x0 ..\obj\misc.o
 .data          0x00000000        0x0 ..\obj\misc.o
 .bss           0x00000000        0x0 ..\obj\misc.o
 .text.NVIC_PriorityGroupConfig
                0x00000000       0x28 ..\obj\misc.o
 .text.NVIC_SetVectorTable
                0x00000000       0x2c ..\obj\misc.o
 .text.NVIC_SystemLPConfig
                0x00000000       0x58 ..\obj\misc.o
 .text.SysTick_CLKSourceConfig
                0x00000000       0x4c ..\obj\misc.o

Memory Configuration

Name             Origin             Length             Attributes
rom              0x08000000         0x00020000         xr
ram              0x20000000         0x00002000         xrw
*default*        0x00000000         0xffffffff

Linker script and memory map

                0x20002000                _eram = 0x20002000

.text           0x08000000     0x1858
 *(.isr_vector .isr_vector.*)
 .isr_vector    0x08000000      0x124 ..\obj\startup_stm32f10x_md_vl.o
                0x08000000                g_pfnVectors
 *(.text .text.* .gnu.linkonce.t.*)
 .text.TIM_TimeBaseInit
                0x08000124      0x11c ..\obj\stm32f10x_tim.o
                0x08000124                TIM_TimeBaseInit
 .text.TIM_Cmd  0x08000240       0x40 ..\obj\stm32f10x_tim.o
                0x08000240                TIM_Cmd
 .text.TIM_ITConfig
                0x08000280       0x48 ..\obj\stm32f10x_tim.o
                0x08000280                TIM_ITConfig
 .text.TIM_GetITStatus
                0x080002c8       0x60 ..\obj\stm32f10x_tim.o
                0x080002c8                TIM_GetITStatus
 .text.TIM_ClearITPendingBit
                0x08000328       0x24 ..\obj\stm32f10x_tim.o
                0x08000328                TIM_ClearITPendingBit
 .text.Default_Reset_Handler
                0x0800034c       0x6c ..\obj\startup_stm32f10x_md_vl.o
                0x0800034c                Default_Reset_Handler
                0x0800034c                Reset_Handler
 .text.Default_Handler
                0x080003b8        0x8 ..\obj\startup_stm32f10x_md_vl.o
                0x080003b8                EXTI2_IRQHandler
                0x080003b8                DebugMon_Handler
                0x080003b8                TIM1_CC_IRQHandler
                0x080003b8                SysTick_Handler
                0x080003b8                PVD_IRQHandler
                0x080003b8                PendSV_Handler
                0x080003b8                NMI_Handler
                0x080003b8                EXTI3_IRQHandler
                0x080003b8                EXTI0_IRQHandler
                0x080003b8                I2C2_EV_IRQHandler
                0x080003b8                TIM1_UP_TIM16_IRQHandler
                0x080003b8                UsageFault_Handler
                0x080003b8                SPI1_IRQHandler
                0x080003b8                TAMPER_IRQHandler
                0x080003b8                TIM6_DAC_IRQHandler
                0x080003b8                DMA1_Channel4_IRQHandler
                0x080003b8                ADC1_IRQHandler
                0x080003b8                USART3_IRQHandler
                0x080003b8                RTC_IRQHandler
                0x080003b8                DMA1_Channel7_IRQHandler
                0x080003b8                TIM4_IRQHandler
                0x080003b8                I2C1_EV_IRQHandler
                0x080003b8                DMA1_Channel6_IRQHandler
                0x080003b8                TIM3_IRQHandler
                0x080003b8                RCC_IRQHandler
                0x080003b8                DMA1_Channel1_IRQHandler
                0x080003b8                CEC_IRQHandler
                0x080003b8                EXTI15_10_IRQHandler
                0x080003b8                TIM7_IRQHandler
                0x080003b8                EXTI9_5_IRQHandler
                0x080003b8                SPI2_IRQHandler
                0x080003b8                MemManage_Handler
                0x080003b8                SVC_Handler
                0x080003b8                DMA1_Channel5_IRQHandler
                0x080003b8                EXTI4_IRQHandler
                0x080003b8                TIM1_TRG_COM_TIM17_IRQHandler
                0x080003b8                DMA1_Channel3_IRQHandler
                0x080003b8                WWDG_IRQHandler
                0x080003b8                EXTI1_IRQHandler
                0x080003b8                RTCAlarm_IRQHandler
                0x080003b8                USART2_IRQHandler
                0x080003b8                I2C2_ER_IRQHandler
                0x080003b8                DMA1_Channel2_IRQHandler
                0x080003b8                FLASH_IRQHandler
                0x080003b8                BusFault_Handler
                0x080003b8                USART1_IRQHandler
                0x080003b8                I2C1_ER_IRQHandler
                0x080003b8                TIM1_BRK_TIM15_IRQHandler
 .text.SystemInit
                0x080003c0       0xb8 ..\obj\system_stm32f10x.o
                0x080003c0                SystemInit
 .text.SystemCoreClockUpdate
                0x08000478      0x13c ..\obj\system_stm32f10x.o
                0x08000478                SystemCoreClockUpdate
 .text.SetSysClock
                0x080005b4        0xc ..\obj\system_stm32f10x.o
 .text.SetSysClockTo24
                0x080005c0      0x15c ..\obj\system_stm32f10x.o
 .text.GPIO_Init
                0x0800071c      0x1b0 ..\obj\stm32f10x_gpio.o
                0x0800071c                GPIO_Init
 .text.GPIO_SetBits
                0x080008cc       0x1c ..\obj\stm32f10x_gpio.o
                0x080008cc                GPIO_SetBits
 .text.GPIO_ResetBits
                0x080008e8       0x1c ..\obj\stm32f10x_gpio.o
                0x080008e8                GPIO_ResetBits
 .text.init_USART1
                0x08000904       0xc4 ..\obj\main.o
                0x08000904                init_USART1
 .text.Delay    0x080009c8       0x2c ..\obj\main.o
                0x080009c8                Delay
 .text.togglePin
                0x080009f4      0x168 ..\obj\main.o
                0x080009f4                togglePin
 .text.USART_puts
                0x08000b5c       0x48 ..\obj\main.o
                0x08000b5c                USART_puts
 .text.TIM2_IRQHandler
                0x08000ba4       0xd8 ..\obj\main.o
                0x08000ba4                TIM2_IRQHandler
 .text.SetupSystem
                0x08000c7c       0xa4 ..\obj\main.o
                0x08000c7c                SetupSystem
 .text.SetupFloppyPins
                0x08000d20       0xa0 ..\obj\main.o
                0x08000d20                SetupFloppyPins
 .text.resetAll
                0x08000dc0      0x174 ..\obj\main.o
                0x08000dc0                resetAll
 .text.main     0x08000f34      0x214 ..\obj\main.o
                0x08000f34                main
 .text.RCC_GetClocksFreq
                0x08001148      0x1cc ..\obj\stm32f10x_rcc.o
                0x08001148                RCC_GetClocksFreq
 .text.RCC_APB2PeriphClockCmd
                0x08001314       0x58 ..\obj\stm32f10x_rcc.o
                0x08001314                RCC_APB2PeriphClockCmd
 .text.RCC_APB1PeriphClockCmd
                0x0800136c       0x58 ..\obj\stm32f10x_rcc.o
                0x0800136c                RCC_APB1PeriphClockCmd
 .text.USART_Init
                0x080013c4      0x1ac ..\obj\stm32f10x_usart.o
                0x080013c4                USART_Init
 .text.USART_ClockInit
                0x08001570       0x58 ..\obj\stm32f10x_usart.o
                0x08001570                USART_ClockInit
 .text.USART_ClockStructInit
                0x080015c8       0x34 ..\obj\stm32f10x_usart.o
                0x080015c8                USART_ClockStructInit
 .text.USART_Cmd
                0x080015fc       0x40 ..\obj\stm32f10x_usart.o
                0x080015fc                USART_Cmd
 .text.USART_SendData
                0x0800163c       0x28 ..\obj\stm32f10x_usart.o
                0x0800163c                USART_SendData
 .text.USART_ReceiveData
                0x08001664       0x24 ..\obj\stm32f10x_usart.o
                0x08001664                USART_ReceiveData
 .text.USART_GetFlagStatus
                0x08001688       0x40 ..\obj\stm32f10x_usart.o
                0x08001688                USART_GetFlagStatus
 .text          0x080016c8       0x28 ..\obj\sh_cmd.o
                0x080016c8                SH_DoCommand
                0x080016da                HardFault_Handler
 .text.NVIC_Init
                0x080016f0       0xe8 ..\obj\misc.o
                0x080016f0                NVIC_Init
 *(.glue_7t)
 .glue_7t       0x00000000        0x0 linker stubs
 *(.glue_7)
 .glue_7        0x00000000        0x0 linker stubs
 *(.rodata .rodata* .gnu.linkonce.r.*)
 .rodata        0x080017d8       0x80 ..\obj\main.o
                0x080017d8                FIRST_STEP_PIN
                0x080017d9                FIRST_DIRECTION_PIN
                0x080017da                FLOPPY_COUNT

.vfp11_veneer   0x08001858        0x0
 .vfp11_veneer  0x00000000        0x0 linker stubs

.v4_bx          0x08001858        0x0
 .v4_bx         0x00000000        0x0 linker stubs

.ARM.extab
 *(.ARM.extab* .gnu.linkonce.armextab.*)
                0x08001858                __exidx_start = .

.ARM.exidx
 *(.ARM.exidx* .gnu.linkonce.armexidx.*)
                0x08001858                __exidx_end = .
                0x08001858                . = ALIGN (0x4)
                0x08001858                _etext = .
                0x08001858                _sidata = .

.data           0x20000000       0x34 load address 0x08001858
                0x20000000                _sdata = .
 *(.data .data.*)
 .data          0x20000000       0x14 ..\obj\system_stm32f10x.o
                0x20000000                SystemCoreClock
                0x20000004                AHBPrescTable
 .data          0x20000014        0xc ..\obj\main.o
                0x20000014                firstRun
                0x20000018                MAX_POSITION
 .data          0x20000020       0x14 ..\obj\stm32f10x_rcc.o
                0x20000034                . = ALIGN (0x4)
                0x20000034                _edata = .

.bss            0x20000034       0x38 load address 0x0800188c
                0x20000034                _sbss = .
 *(.bss .bss.*)
 .bss           0x20000034       0x38 ..\obj\main.o
                0x20000034                currentPosition
                0x2000003c                currentDirection
                0x20000044                currentStepPinState
                0x2000004c                currentPeriod
                0x2000005c                currentTick
 *(COMMON)
                0x2000006c                . = ALIGN (0x4)
                0x2000006c                _ebss = .

.co_stack       0x2000006c      0x404 load address 0x080018c4
                0x20000070                . = ALIGN (0x8)
 *fill*         0x2000006c        0x4 00
 *(.co_stack .co_stack.*)
 .co_stack      0x20000070      0x400 ..\obj\startup_stm32f10x_md_vl.o
                0x20000070                pulStack
                0x20000470                . = ALIGN (0x4)
                0x20000470                _end = .
LOAD ..\obj\semihosting.o
LOAD ..\obj\stm32f10x_tim.o
LOAD ..\obj\startup_stm32f10x_md_vl.o
LOAD ..\obj\core_cm3.o
LOAD ..\obj\system_stm32f10x.o
LOAD ..\obj\stm32f10x_gpio.o
LOAD ..\obj\main.o
LOAD ..\obj\printf.o
LOAD ..\obj\stm32f10x_rcc.o
LOAD ..\obj\stm32f10x_usart.o
LOAD ..\obj\sh_cmd.o
LOAD ..\obj\syscalls.o
LOAD ..\obj\misc.o
START GROUP
LOAD c:/program files (x86)/gnu tools arm embedded/4.6 2012q2/bin/../lib/gcc/arm-none-eabi/4.6.2/armv7-m\libgcc.a
LOAD c:/program files (x86)/gnu tools arm embedded/4.6 2012q2/bin/../lib/gcc/arm-none-eabi/4.6.2/../../../../arm-none-eabi/lib/armv7-m\libg.a
LOAD c:/program files (x86)/gnu tools arm embedded/4.6 2012q2/bin/../lib/gcc/arm-none-eabi/4.6.2/../../../../arm-none-eabi/lib/armv7-m\libc.a
END GROUP
OUTPUT(FlyFi.elf elf32-littlearm)

.debug_info     0x00000000     0x6aa9
 .debug_info    0x00000000      0x134 ..\obj\semihosting.o
 .debug_info    0x00000134     0x1e18 ..\obj\stm32f10x_tim.o
 .debug_info    0x00001f4c      0x143 ..\obj\startup_stm32f10x_md_vl.o
 .debug_info    0x0000208f      0x548 ..\obj\core_cm3.o
 .debug_info    0x000025d7      0x433 ..\obj\system_stm32f10x.o
 .debug_info    0x00002a0a      0x723 ..\obj\stm32f10x_gpio.o
 .debug_info    0x0000312d      0xc03 ..\obj\main.o
 .debug_info    0x00003d30      0xf66 ..\obj\printf.o
 .debug_info    0x00004c96      0x976 ..\obj\stm32f10x_rcc.o
 .debug_info    0x0000560c      0xa6c ..\obj\stm32f10x_usart.o
 .debug_info    0x00006078       0xab ..\obj\sh_cmd.o
 .debug_info    0x00006123      0x440 ..\obj\syscalls.o
 .debug_info    0x00006563      0x546 ..\obj\misc.o

.debug_abbrev   0x00000000     0x1001
 .debug_abbrev  0x00000000       0xa7 ..\obj\semihosting.o
 .debug_abbrev  0x000000a7      0x172 ..\obj\stm32f10x_tim.o
 .debug_abbrev  0x00000219       0xa3 ..\obj\startup_stm32f10x_md_vl.o
 .debug_abbrev  0x000002bc       0xd5 ..\obj\core_cm3.o
 .debug_abbrev  0x00000391      0x17e ..\obj\system_stm32f10x.o
 .debug_abbrev  0x0000050f      0x1a4 ..\obj\stm32f10x_gpio.o
 .debug_abbrev  0x000006b3      0x1dc ..\obj\main.o
 .debug_abbrev  0x0000088f      0x25f ..\obj\printf.o
 .debug_abbrev  0x00000aee      0x191 ..\obj\stm32f10x_rcc.o
 .debug_abbrev  0x00000c7f      0x15b ..\obj\stm32f10x_usart.o
 .debug_abbrev  0x00000dda       0x14 ..\obj\sh_cmd.o
 .debug_abbrev  0x00000dee       0xde ..\obj\syscalls.o
 .debug_abbrev  0x00000ecc      0x135 ..\obj\misc.o

.debug_loc      0x00000000     0x33e2
 .debug_loc     0x00000000       0xa8 ..\obj\semihosting.o
 .debug_loc     0x000000a8     0x13e8 ..\obj\stm32f10x_tim.o
 .debug_loc     0x00001490       0x64 ..\obj\startup_stm32f10x_md_vl.o
 .debug_loc     0x000014f4      0x3f0 ..\obj\core_cm3.o
 .debug_loc     0x000018e4       0xc8 ..\obj\system_stm32f10x.o
 .debug_loc     0x000019ac      0x3e4 ..\obj\stm32f10x_gpio.o
 .debug_loc     0x00001d90      0x1f8 ..\obj\main.o
 .debug_loc     0x00001f88      0x3ea ..\obj\printf.o
 .debug_loc     0x00002372      0x714 ..\obj\stm32f10x_rcc.o
 .debug_loc     0x00002a86      0x658 ..\obj\stm32f10x_usart.o
 .debug_loc     0x000030de      0x1ec ..\obj\syscalls.o
 .debug_loc     0x000032ca      0x118 ..\obj\misc.o

.debug_aranges  0x00000000      0x8d0
 .debug_aranges
                0x00000000       0x30 ..\obj\semihosting.o
 .debug_aranges
                0x00000030      0x2f0 ..\obj\stm32f10x_tim.o
 .debug_aranges
                0x00000320       0x28 ..\obj\startup_stm32f10x_md_vl.o
 .debug_aranges
                0x00000348       0xc8 ..\obj\core_cm3.o
 .debug_aranges
                0x00000410       0x38 ..\obj\system_stm32f10x.o
 .debug_aranges
                0x00000448       0xa8 ..\obj\stm32f10x_gpio.o
 .debug_aranges
                0x000004f0       0x60 ..\obj\main.o
 .debug_aranges
                0x00000550       0xa0 ..\obj\printf.o
 .debug_aranges
                0x000005f0      0x120 ..\obj\stm32f10x_rcc.o
 .debug_aranges
                0x00000710      0x100 ..\obj\stm32f10x_usart.o
 .debug_aranges
                0x00000810       0x20 ..\obj\sh_cmd.o
 .debug_aranges
                0x00000830       0x60 ..\obj\syscalls.o
 .debug_aranges
                0x00000890       0x40 ..\obj\misc.o

.debug_ranges   0x00000000      0x838
 .debug_ranges  0x00000000       0x20 ..\obj\semihosting.o
 .debug_ranges  0x00000020      0x2e0 ..\obj\stm32f10x_tim.o
 .debug_ranges  0x00000300       0x18 ..\obj\startup_stm32f10x_md_vl.o
 .debug_ranges  0x00000318       0xb8 ..\obj\core_cm3.o
 .debug_ranges  0x000003d0       0x28 ..\obj\system_stm32f10x.o
 .debug_ranges  0x000003f8       0x98 ..\obj\stm32f10x_gpio.o
 .debug_ranges  0x00000490       0x98 ..\obj\main.o
 .debug_ranges  0x00000528       0x90 ..\obj\printf.o
 .debug_ranges  0x000005b8      0x110 ..\obj\stm32f10x_rcc.o
 .debug_ranges  0x000006c8       0xf0 ..\obj\stm32f10x_usart.o
 .debug_ranges  0x000007b8       0x50 ..\obj\syscalls.o
 .debug_ranges  0x00000808       0x30 ..\obj\misc.o

.debug_line     0x00000000     0x296a
 .debug_line    0x00000000       0xb3 ..\obj\semihosting.o
 .debug_line    0x000000b3      0xa7a ..\obj\stm32f10x_tim.o
 .debug_line    0x00000b2d       0xaf ..\obj\startup_stm32f10x_md_vl.o
 .debug_line    0x00000bdc      0x29a ..\obj\core_cm3.o
 .debug_line    0x00000e76      0x23a ..\obj\system_stm32f10x.o
 .debug_line    0x000010b0      0x394 ..\obj\stm32f10x_gpio.o
 .debug_line    0x00001444      0x397 ..\obj\main.o
 .debug_line    0x000017db      0x405 ..\obj\printf.o
 .debug_line    0x00001be0      0x4b2 ..\obj\stm32f10x_rcc.o
 .debug_line    0x00002092      0x480 ..\obj\stm32f10x_usart.o
 .debug_line    0x00002512       0x86 ..\obj\sh_cmd.o
 .debug_line    0x00002598      0x1a9 ..\obj\syscalls.o
 .debug_line    0x00002741      0x229 ..\obj\misc.o

.debug_str      0x00000000     0x2989
 .debug_str     0x00000000      0x11c ..\obj\semihosting.o
                                0x155 (size before relaxing)
 .debug_str     0x0000011c      0xc47 ..\obj\stm32f10x_tim.o
                                0xd81 (size before relaxing)
 .debug_str     0x00000d63       0xbd ..\obj\startup_stm32f10x_md_vl.o
                                0x125 (size before relaxing)
 .debug_str     0x00000e20      0x16c ..\obj\core_cm3.o
                                0x270 (size before relaxing)
 .debug_str     0x00000f8c      0x166 ..\obj\system_stm32f10x.o
                                0x278 (size before relaxing)
 .debug_str     0x000010f2      0x388 ..\obj\stm32f10x_gpio.o
                                0x4bd (size before relaxing)
 .debug_str     0x0000147a      0x5d7 ..\obj\main.o
                                0x997 (size before relaxing)
 .debug_str     0x00001a51      0x4f8 ..\obj\printf.o
                                0x62a (size before relaxing)
 .debug_str     0x00001f49      0x427 ..\obj\stm32f10x_rcc.o
                                0x611 (size before relaxing)
 .debug_str     0x00002370      0x365 ..\obj\stm32f10x_usart.o
                                0x634 (size before relaxing)
 .debug_str     0x000026d5      0x151 ..\obj\syscalls.o
                                0x2a2 (size before relaxing)
 .debug_str     0x00002826      0x163 ..\obj\misc.o
                                0x367 (size before relaxing)

.comment        0x00000000       0x70
 .comment       0x00000000       0x70 ..\obj\semihosting.o
                                 0x71 (size before relaxing)
 .comment       0x00000000       0x71 ..\obj\stm32f10x_tim.o
 .comment       0x00000000       0x71 ..\obj\startup_stm32f10x_md_vl.o
 .comment       0x00000000       0x71 ..\obj\core_cm3.o
 .comment       0x00000000       0x71 ..\obj\system_stm32f10x.o
 .comment       0x00000000       0x71 ..\obj\stm32f10x_gpio.o
 .comment       0x00000000       0x71 ..\obj\main.o
 .comment       0x00000000       0x71 ..\obj\printf.o
 .comment       0x00000000       0x71 ..\obj\stm32f10x_rcc.o
 .comment       0x00000000       0x71 ..\obj\stm32f10x_usart.o
 .comment       0x00000000       0x71 ..\obj\syscalls.o
 .comment       0x00000000       0x71 ..\obj\misc.o

.ARM.attributes
                0x00000000       0x31
 .ARM.attributes
                0x00000000       0x33 ..\obj\semihosting.o
 .ARM.attributes
                0x00000033       0x33 ..\obj\stm32f10x_tim.o
 .ARM.attributes
                0x00000066       0x33 ..\obj\startup_stm32f10x_md_vl.o
 .ARM.attributes
                0x00000099       0x33 ..\obj\core_cm3.o
 .ARM.attributes
                0x000000cc       0x33 ..\obj\system_stm32f10x.o
 .ARM.attributes
                0x000000ff       0x33 ..\obj\stm32f10x_gpio.o
 .ARM.attributes
                0x00000132       0x33 ..\obj\main.o
 .ARM.attributes
                0x00000165       0x33 ..\obj\printf.o
 .ARM.attributes
                0x00000198       0x33 ..\obj\stm32f10x_rcc.o
 .ARM.attributes
                0x000001cb       0x33 ..\obj\stm32f10x_usart.o
 .ARM.attributes
                0x000001fe       0x21 ..\obj\sh_cmd.o
 .ARM.attributes
                0x0000021f       0x33 ..\obj\syscalls.o
 .ARM.attributes
                0x00000252       0x33 ..\obj\misc.o

.debug_frame    0x00000000     0x1be4
 .debug_frame   0x00000000       0x70 ..\obj\semihosting.o
 .debug_frame   0x00000070      0xa20 ..\obj\stm32f10x_tim.o
 .debug_frame   0x00000a90       0x48 ..\obj\startup_stm32f10x_md_vl.o
 .debug_frame   0x00000ad8      0x280 ..\obj\core_cm3.o
 .debug_frame   0x00000d58       0x80 ..\obj\system_stm32f10x.o
 .debug_frame   0x00000dd8      0x210 ..\obj\stm32f10x_gpio.o
 .debug_frame   0x00000fe8      0x12c ..\obj\main.o
 .debug_frame   0x00001114      0x244 ..\obj\printf.o
 .debug_frame   0x00001358      0x3a4 ..\obj\stm32f10x_rcc.o
 .debug_frame   0x000016fc      0x344 ..\obj\stm32f10x_usart.o
 .debug_frame   0x00001a40      0x108 ..\obj\syscalls.o
 .debug_frame   0x00001b48       0x9c ..\obj\misc.o
